// Jest Snapshot v1, https://goo.gl/fbAQLP

exports[`Description basic rendering test suite snapshot 1`] = `
<div>
  <div
    id="summary"
  >
    <div
      id="tilo"
    >
      <div
        id="title"
      >
        Quis ab sint veritatis
      </div>
      <div
        id="location"
      >
        Schneidermouth
      </div>
    </div>
    <div>
      <div
        id="host"
      >
        <img
          src="http://lorempixel.com/640/480"
        />
        <div
          id="hostname"
        >
          Hardy
        </div>
      </div>
    </div>
  </div>
  <div
    id="hls"
  >
    <div>
      <div
        id="hl"
        key="Private room in hostel"
      >
        <div
          id="hlicon"
        >
          <img
            src="./house.png"
          />
        </div>
        <div
          id="hltitle"
        >
          Private room in hostel
          <div
            id="hlcontent"
          >
            3 guests	1 room	1 bed	1 bath
          </div>
        </div>
      </div>
      <div
        id="hl"
        key="Self check-in"
      >
        <div
          id="hlicon"
        >
          <img
            src="./easy-chkin.png"
          />
        </div>
        <div
          id="hltitle"
        >
          Self check-in
          <div
            id="hlcontent"
          >
            Rerum modi nihil est et.
          </div>
        </div>
      </div>
      <div
        id="hl"
        key="Hardy is a Superhost"
      >
        <div
          id="hlicon"
        >
          <img
            src="./superhost.png"
          />
        </div>
        <div
          id="hltitle"
        >
          Hardy is a Superhost
          <div
            id="hlcontent"
          >
            Iure illo possimus impedit blanditiis ullam laborum omnis.
          </div>
        </div>
      </div>
      <div
        id="hl"
        key="Sparkling clean"
      >
        <div
          id="hlicon"
        >
          <img
            src="./clean.png"
          />
        </div>
        <div
          id="hltitle"
        >
          Sparkling clean
          <div
            id="hlcontent"
          >
            In necessitatibus id.
          </div>
        </div>
      </div>
    </div>
  </div>
  <div
    id="linemg"
  >
    <div
      id="line"
    />
  </div>
  <div
    id="descs"
  >
    <div>
      <div
        id="generaldesc"
      >
        <p
          id="desccontent"
        >
          General description.
        </p>
      </div>
      <div
        id="readmore"
        onClick={[Function]}
        style={
          Object {
            "display": "flex",
          }
        }
      >
        <div>
          Read more about this space
        </div>
        <svg
          focusable="false"
          role="presentation"
          viewBox="0 0 18 18"
        >
          <path
            d="m16.29 4.3a1 1 0 1 1 1.41 1.42l-8 8a1 1 0 0 1 -1.41 0l-8-8a1 1 0 1 1 1.41-1.42l7.29 7.29z"
          />
        </svg>
      </div>
      <div
        id="readmorearea"
        style={
          Object {
            "display": "none",
          }
        }
      >
        <div>
          <div
            id="desctitle"
            key="Interation with guests"
          >
            Interation with guests
            <p
              id="desccontent"
            >
              Description paragraph 2
            </p>
          </div>
          <div
            id="desctitle"
            key="License or registartion number"
          >
            License or registartion number
            <p
              id="desccontent"
            >
              STR-3921741
            </p>
          </div>
        </div>
        <div
          id="fakedesclink"
        >
          <div>
            Learn about this number
          </div>
        </div>
        <div
          id="readless"
          onClick={[Function]}
        >
          <div>
            Hide
          </div>
          <svg
            focusable="false"
            role="presentation"
            viewBox="0 0 18 18"
          >
            <path
              d="m16.29 4.3a1 1 0 1 1 1.41 1.42l-8 8a1 1 0 0 1 -1.41 0l-8-8a1 1 0 1 1 1.41-1.42l7.29 7.29z"
            />
          </svg>
        </div>
      </div>
      <div
        id="fakedesclink"
      >
        <div>
          Contact host
        </div>
      </div>
    </div>
  </div>
  <div
    id="linemg"
  >
    <div
      id="line"
    />
  </div>
  <Amenity
    showamenitylist={[Function]}
  />
  <div
    id="linemg"
  >
    <div
      id="line"
    />
  </div>
  <div
    id="roomarrg"
  >
    <h2>
      Sleeping arrangements
    </h2>
    <div
      id="arrgline"
    >
      <div
        id="btn-pre"
        onClick={[Function]}
      >
        <span>
          <button
            type="button"
          >
            <svg
              focusable="false"
              role="presentation"
              viewBox="0 0 18 18"
            >
              <path
                d="m16.29 4.3a1 1 0 1 1 1.41 1.42l-8 8a1 1 0 0 1 -1.41 0l-8-8a1 1 0 1 1 1.41-1.42l7.29 7.29z"
              />
            </svg>
          </button>
        </span>
      </div>
      <div
        id="arrg"
      >
        <div
          id="arrgarea"
          style={
            Object {
              "transform": "translateX(0%)",
            }
          }
        >
          <div
            id="brarrg"
            key="1"
          >
            <svg
              focusable="false"
              role="presentation"
              viewBox="0 0 24 24"
            >
              <path
                d="m20.99 15.39-1.99-8.45v-5.44c0-.83-.68-1.5-1.5-1.5h-10a1.5 1.5 0 0 0 -1.5 1.5v5.44l-1.99 8.44-.01.12v5.01c0 .66.43 1.2 1.02 1.4-.01.03-.02.06-.02.09v1.5a.5.5 0 0 0 1 0v-1.5h13v1.5a.5.5 0 0 0 1 0v-1.5c0-.03-.01-.06-.02-.09a1.49 1.49 0 0 0 1.02-1.4v-5.01l-.01-.12zm-13.99-13.89a.5.5 0 0 1 .5-.5h9.99c.27 0 .5.23.5.5v4.5h-2v-2.51c.01-.82-.66-1.49-1.48-1.49h-4.02c-.82 0-1.49.67-1.49 1.49v2.51h-2zm8 1.99v4.02a.5.5 0 0 1 -.49.49h-4.02a.5.5 0 0 1 -.49-.49v-4.02c0-.27.22-.49.49-.49h4.02c.27 0 .49.22.49.49zm-8.01 3.63.01-.12h2v .51c0 .82.67 1.49 1.49 1.49h4.02c.82 0 1.49-.67 1.49-1.49v-.51h2l .01.12 1.86 7.88h-14.74l1.86-7.89zm13.01 13.39a.5.5 0 0 1 -.5.49h-14c-.28 0-.5-.22-.5-.49v-4.51h15z"
              />
            </svg>
            <div>
              <p
                id="brtext"
              >
                bedroom 
                1
              </p>
              <p
                id="bedinroom"
              >
                1 single bed
              </p>
            </div>
          </div>
        </div>
      </div>
      <div
        id="btn-next"
        onClick={[Function]}
      >
        <span>
          <button
            type="button"
          >
            <svg
              focusable="false"
              role="presentation"
              viewBox="0 0 18 18"
            >
              <path
                d="m16.29 4.3a1 1 0 1 1 1.41 1.42l-8 8a1 1 0 0 1 -1.41 0l-8-8a1 1 0 1 1 1.41-1.42l7.29 7.29z"
              />
            </svg>
          </button>
        </span>
      </div>
    </div>
  </div>
  <div
    id="poplistback"
    onClick={[Function]}
    style={
      Object {
        "display": "none",
      }
    }
  >
    <div
      id="poplist"
    >
      <div
        id="poplisthead"
      >
        <button
          id="btn-close"
          onClick={[Function]}
        >
          <svg
            focusable="false"
            role="img"
            viewBox="0 0 24 24"
          >
            <path
              d="m23.25 24c-.19 0-.38-.07-.53-.22l-10.72-10.72-10.72 10.72c-.29.29-.77.29-1.06 0s-.29-.77 0-1.06l10.72-10.72-10.72-10.72c-.29-.29-.29-.77 0-1.06s.77-.29 1.06 0l10.72 10.72 10.72-10.72c.29-.29.77-.29 1.06 0s .29.77 0 1.06l-10.72 10.72 10.72 10.72c.29.29.29.77 0 1.06-.15.15-.34.22-.53.22"
            />
          </svg>
        </button>
      </div>
      <div
        id="poplisttitle"
      >
        Amenities
      </div>
      <div
        id="poplistcontent"
      />
    </div>
  </div>
</div>
`;
